// Jest Snapshot v1, https://goo.gl/fbAQLP

exports[`App rendering 1`] = `
<React.Fragment>
  <Translate(Form)
    downloadUrls={Array []}
    key="expr=undefined&syntax=undefined"
    onSubmit={[Function]}
    syntaxes={
      Object {
        "js": "JavaScript",
        "pcre": "PCRE",
      }
    }
  />
</React.Fragment>
`;
